Archive member included to satisfy reference by file (symbol)

/Applications/VEXcode V5 Text.app/Contents/Resources/sdk/vexv5/libv5rt.a(v5_startup.c.obj)
                              (vexStartup)
/Applications/VEXcode V5 Text.app/Contents/Resources/sdk/vexv5/libv5rt.a(v5_util.c.obj)
                              /Applications/VEXcode V5 Text.app/Contents/Resources/sdk/vexv5/libv5rt.a(v5_startup.c.obj) (vexStdlibVersionLinked)
/Applications/VEXcode V5 Text.app/Contents/Resources/sdk/vexv5/libv5rt.a(v5_apijump.c.obj)
                              /Applications/VEXcode V5 Text.app/Contents/Resources/sdk/vexv5/libv5rt.a(v5_startup.c.obj) (vexPrivateApiEnable)
/Applications/VEXcode V5 Text.app/Contents/Resources/sdk/vexv5/libv5rt.a(v5_apiversions.c.obj)
                              /Applications/VEXcode V5 Text.app/Contents/Resources/sdk/vexv5/libv5rt.a(v5_apijump.c.obj) (vexSystemVersion)
/Applications/VEXcode V5 Text.app/Contents/Resources/sdk/vexv5/libv5rt.a(vex_global.cpp.obj)
                              build/src/main.o (vex::hold)
/Applications/VEXcode V5 Text.app/Contents/Resources/sdk/vexv5/libv5rt.a(vex_motor.cpp.obj)
                              build/src/main.o (vex::motor::~motor())
/Applications/VEXcode V5 Text.app/Contents/Resources/sdk/vexv5/libv5rt.a(vex_controller.cpp.obj)
                              build/src/main.o (vex::controller::~controller())
/Applications/VEXcode V5 Text.app/Contents/Resources/sdk/vexv5/libv5rt.a(vex_task.cpp.obj)
                              build/src/main.o (vex::task::sleep(unsigned long))
/Applications/VEXcode V5 Text.app/Contents/Resources/sdk/vexv5/libv5rt.a(vex_thread.cpp.obj)
                              /Applications/VEXcode V5 Text.app/Contents/Resources/sdk/vexv5/libv5rt.a(vex_global.cpp.obj) (vex::this_thread::sleep_for(unsigned long))
/Applications/VEXcode V5 Text.app/Contents/Resources/sdk/vexv5/libv5rt.a(vex_event.cpp.obj)
                              /Applications/VEXcode V5 Text.app/Contents/Resources/sdk/vexv5/libv5rt.a(vex_controller.cpp.obj) (vex::event::init(unsigned long, unsigned long, void (*)()))
/Applications/VEXcode V5 Text.app/Contents/Resources/sdk/vexv5/libv5rt.a(vex_mevent.cpp.obj)
                              /Applications/VEXcode V5 Text.app/Contents/Resources/sdk/vexv5/libv5rt.a(vex_controller.cpp.obj) (vex::mevent::mevent(unsigned long, unsigned long))
/Applications/VEXcode V5 Text.app/Contents/Resources/sdk/vexv5/libv5rt.a(vex_brain.cpp.obj)
                              build/src/robot-config.o (vex::brain::~brain())
/Applications/VEXcode V5 Text.app/Contents/Resources/sdk/vexv5/libv5rt.a(vex_competition.cpp.obj)
                              build/src/main.o (vex::competition::competition())
/Applications/VEXcode V5 Text.app/Contents/Resources/sdk/vexv5/libv5rt.a(vex_triport.cpp.obj)
                              /Applications/VEXcode V5 Text.app/Contents/Resources/sdk/vexv5/libv5rt.a(vex_brain.cpp.obj) (vex::triport::~triport())
/Applications/VEXcode V5 Text.app/Contents/Resources/sdk/vexv5/libv5rt.a(vex_color.cpp.obj)
                              /Applications/VEXcode V5 Text.app/Contents/Resources/sdk/vexv5/libv5rt.a(vex_brain.cpp.obj) (vex::color::operator unsigned long() const)
/Applications/VEXcode V5 Text.app/Contents/Resources/sdk/vexv5/libv5rt.a(vex_timer.cpp.obj)
                              /Applications/VEXcode V5 Text.app/Contents/Resources/sdk/vexv5/libv5rt.a(vex_brain.cpp.obj) (vex::timer::~timer())
/Applications/VEXcode V5 Text.app/Contents/Resources/sdk/vexv5/libv5rt.a(v5_apiuser.c.obj)
                              /Applications/VEXcode V5 Text.app/Contents/Resources/sdk/vexv5/libv5rt.a(vex_triport.cpp.obj) (vexAdiPortConfigSet)
/Applications/VEXcode V5 Text.app/Contents/Resources/sdk/vexv5/libv5rt.a(vex_device.cpp.obj)
                              /Applications/VEXcode V5 Text.app/Contents/Resources/sdk/vexv5/libv5rt.a(vex_triport.cpp.obj) (vex::device::value())
/Applications/VEXcode V5 Text.app/Contents/Resources/sdk/vexv5/gcc/libs/libc.a(lib_a-fini.o)
                              /Applications/VEXcode V5 Text.app/Contents/Resources/sdk/vexv5/libv5rt.a(v5_startup.c.obj) (__libc_fini_array)
/Applications/VEXcode V5 Text.app/Contents/Resources/sdk/vexv5/gcc/libs/libc.a(lib_a-impure.o)
                              /Applications/VEXcode V5 Text.app/Contents/Resources/sdk/vexv5/libv5rt.a(v5_startup.c.obj) (_impure_ptr)
/Applications/VEXcode V5 Text.app/Contents/Resources/sdk/vexv5/gcc/libs/libc.a(lib_a-init.o)
                              /Applications/VEXcode V5 Text.app/Contents/Resources/sdk/vexv5/libv5rt.a(v5_startup.c.obj) (__libc_init_array)
/Applications/VEXcode V5 Text.app/Contents/Resources/sdk/vexv5/gcc/libs/libc.a(lib_a-tolower.o)
                              /Applications/VEXcode V5 Text.app/Contents/Resources/sdk/vexv5/libv5rt.a(vex_brain.cpp.obj) (tolower)
/Applications/VEXcode V5 Text.app/Contents/Resources/sdk/vexv5/gcc/libs/libc.a(lib_a-ctype_.o)
[...]
Memory Configuration

Name             Origin             Length             Attributes
ps7_ddr_0_S_AXI_BASEADDR 0x0000000003800000 0x0000000004800000
*default*        0x0000000000000000 0xffffffffffffffff

Linker script and memory map

                0x0000000000002000                _STACK_SIZE = DEFINED (_STACK_SIZE)?_STACK_SIZE:0x2000
                0x0000000000100000                _HEAP_SIZE = DEFINED (_HEAP_SIZE)?_HEAP_SIZE:0x100000
                0x0000000000000400                _ABORT_STACK_SIZE = DEFINED (_ABORT_STACK_SIZE)?_ABORT_STACK_SIZE:0x400
                0x0000000000000800                _SUPERVISOR_STACK_SIZE = DEFINED (_SUPERVISOR_STACK_SIZE)?_SUPERVISOR_STACK_SIZE:0x800
                0x0000000000000400                _IRQ_STACK_SIZE = DEFINED (_IRQ_STACK_SIZE)?_IRQ_STACK_SIZE:0x400
                0x0000000000000400                _FIQ_STACK_SIZE = DEFINED (_FIQ_STACK_SIZE)?_FIQ_STACK_SIZE:0x400
                0x0000000000000400                _UNDEF_STACK_SIZE = DEFINED (_UNDEF_STACK_SIZE)?_UNDEF_STACK_SIZE:0x400

.text           0x0000000003800000     0x40d0
 *(.vectors)
 *(.boot_data)
 .boot_data     0x0000000003800000       0x20 /Applications/VEXcode V5 Text.app/Contents/Resources/sdk/vexv5/libv5rt.a(v5_startup.c.obj)
                0x0000000003800000                vexCodeSig
                0x0000000000000020                . = 0x20
 *(.boot)
 .boot          0x0000000003800020       0xbc /Applications/VEXcode V5 Text.app/Contents/Resources/sdk/vexv5/libv5rt.a(v5_startup.c.obj)
                0x0000000003800020                vexStartup
                0x0000000003800100                . = ALIGN (0x40)
 *fill*         0x00000000038000dc       0x24 
 *(.freertos_vectors)
 *(.text)
 *(.text.*)
 .text._ZNSt10_List_baseISsSaISsEED2Ev
                0x0000000003800100       0x18 build/src/main.o
                0x0000000003800100                std::_List_base<std::string, std::allocator<std::string> >::~_List_base()
 .text._Z14chassisControlv
                0x0000000003800118       0x84 build/src/main.o
                0x0000000003800118                chassisControl()
 *fill*         0x000000000380019c        0x4 
 .text._Z9leftDriveN3vex13directionTypeEi
                0x00000000038001a0      0x190 build/src/main.o
                0x00000000038001a0                leftDrive(vex::directionType, int)
 .text._Z10rightDriveN3vex13directionTypeEi
                0x0000000003800330      0x190 build/src/main.o
                0x0000000003800330                rightDrive(vex::directionType, int)
 .text._Z7flipOutv
                0x00000000038004c0       0x34 build/src/main.o
                0x00000000038004c0                flipOut()
 *fill*         0x00000000038004f4        0x4 
 .text._Z9r1Pressedv
                0x00000000038004f8      0x1c0 build/src/main.o
                0x00000000038004f8                r1Pressed()
 .text._Z14r1PressedAutond
                0x00000000038006b8      0x1d8 build/src/main.o
                0x00000000038006b8                r1PressedAuton(double)
 .text._Z9l2Pressedv
                0x0000000003800890      0x128 build/src/main.o
                0x0000000003800890                l2Pressed()
 .text._Z9r2Pressedv
                0x00000000038009b8      0x1c0 build/src/main.o
                0x00000000038009b8                r2Pressed()
 .text._Z10autonomousv
                0x0000000003800b78        0x4 build/src/main.o
                0x0000000003800b78                autonomous()
 .text._Z8leftSpind
                0x0000000003800b7c       0x70 build/src/main.o
                0x0000000003800b7c                leftSpin(double)
 .text._Z9rightSpind
                0x0000000003800bec       0x70 build/src/main.o
                0x0000000003800bec                rightSpin(double)
 *fill*         0x0000000003800c5c        0x4 
 .text._Z14chassisPIDMoved
                0x0000000003800c60      0x1c0 build/src/main.o
                0x0000000003800c60                chassisPIDMove(double)
 .text._Z9upPressedv
                0x0000000003800e20      0x198 build/src/main.o
                0x0000000003800e20                upPressed()
 .text._Z11downPressedv
                0x0000000003800fb8      0x140 build/src/main.o
                0x0000000003800fb8                downPressed()
 .text._Z11leftPressedv
                0x00000000038010f8      0x140 build/src/main.o
                0x00000000038010f8                leftPressed()
 .text._Z12rightPressedv
                0x0000000003801238      0x1a0 build/src/main.o
                0x0000000003801238                rightPressed()
 .text._Z8xPressedv
                0x00000000038013d8       0xa4 build/src/main.o
                0x00000000038013d8                xPressed()
 .text._Z8yPressedv
                0x000000000380147c       0x8c build/src/main.o
                0x000000000380147c                yPressed()
 .text._Z8aPressedv
                0x0000000003801508       0xd0 build/src/main.o
                0x0000000003801508                aPressed()
 .text._Z8bPressedv
                0x00000000038015d8        0x4 build/src/main.o
                0x00000000038015d8                bPressed()
 *fill*         0x00000000038015dc        0x4 
 .text._Z9l1Pressedv
                0x00000000038015e0      0x128 build/src/main.o
                0x00000000038015e0                l1Pressed()
 .text._Z11usercontrolv
                0x0000000003801708       0x68 build/src/main.o
                0x0000000003801708                usercontrol()
 .text.main     0x0000000003801770      0x12c build/src/main.o
                0x0000000003801770                main
 .text._ZNSt10_List_baseISsSaISsEE8_M_clearEv
                0x000000000380189c       0x3c build/src/main.o
                0x000000000380189c                std::_List_base<std::string, std::allocator<std::string> >::_M_clear()
 .text._ZNSt4listISsSaISsEE9_M_insertIJRKSsEEEvSt14_List_iteratorISsEDpOT_
                0x00000000038018d8       0x44 build/src/main.o
                0x00000000038018d8                void std::list<std::string, std::allocator<std::string> >::_M_insert<std::string const&>(std::_List_iterator<std::string>, std::string const&)
 .text._GLOBAL__sub_I_main.cpp
                0x000000000380191c      0x224 build/src/main.o
 .text._Z11vexcodeInitv
                0x0000000003801b40        0x4 build/src/robot-config.o
                0x0000000003801b40                vexcodeInit()
 .text._GLOBAL__sub_I_robot_config.cpp
                0x0000000003801b44       0x34 build/src/robot-config.o
 .text.vexMain  0x0000000003801b78       0xb0 /Applications/VEXcode V5 Text.app/Contents/Resources/sdk/vexv5/libv5rt.a(v5_startup.c.obj)
                0x0000000003801b78                vexMain
 .text.__vex_function_prolog
                0x0000000003801c28       0x18 /Applications/VEXcode V5 Text.app/Contents/Resources/sdk/vexv5/libv5rt.a(v5_startup.c.obj)
                0x0000000003801c28                __vex_function_prolog
 .text._init    0x0000000003801c40        0x4 /Applications/VEXcode V5 Text.app/Contents/Resources/sdk/vexv5/libv5rt.a(v5_startup.c.obj)
                0x0000000003801c40                _init
 .text._fini    0x0000000003801c44        0x4 /Applications/VEXcode V5 Text.app/Contents/Resources/sdk/vexv5/libv5rt.a(v5_startup.c.obj)
                0x0000000003801c44                _fini
 .text.vexStdlibVersionLinked
                0x0000000003801c48        0xc /Applications/VEXcode V5 Text.app/Contents/Resources/sdk/vexv5/libv5rt.a(v5_util.c.obj)
                0x0000000003801c48                vexStdlibVersionLinked
 .text.vexStdlibVersionVerify
                0x0000000003801c54       0x30 /Applications/VEXcode V5 Text.app/Contents/Resources/sdk/vexv5/libv5rt.a(v5_util.c.obj)
                0x0000000003801c54                vexStdlibVersionVerify
 .text.vexPrivateApiEnable
                0x0000000003801c84       0x10 /Applications/VEXcode V5 Text.app/Contents/Resources/sdk/vexv5/libv5rt.a(v5_apijump.c.obj)
                0x0000000003801c84                vexPrivateApiEnable
 .text.vexStdlibMismatchError
                0x0000000003801c94       0x3c /Applications/VEXcode V5 Text.app/Contents/Resources/sdk/vexv5/libv5rt.a(v5_apijump.c.obj)
                0x0000000003801c94                vexStdlibMismatchError
 .text.vexTaskAdd
                0x0000000003801cd0       0x10 /Applications/VEXcode V5 Text.app/Contents/Resources/sdk/vexv5/libv5rt.a(v5_apijump.c.obj)
                0x0000000003801cd0                vexTaskAdd
 .text.vexTaskStop
                0x0000000003801ce0       0x10 /Applications/VEXcode V5 Text.app/Contents/Resources/sdk/vexv5/libv5rt.a(v5_apijump.c.obj)
                0x0000000003801ce0                vexTaskStop
 .text.vexTasksRun
                0x0000000003801cf0       0x10 /Applications/VEXcode V5 Text.app/Contents/Resources/sdk/vexv5/libv5rt.a(v5_apijump.c.obj)
                0x0000000003801cf0                vexTasksRun
 .text.vexTaskYield
                0x0000000003801d00       0x10 /Applications/VEXcode V5 Text.app/Contents/Resources/sdk/vexv5/libv5rt.a(v5_apijump.c.obj)
                0x0000000003801d00                vexTaskYield
 .text.vexTaskCheckTimeslice
                0x0000000003801d10       0x10 /Applications/VEXcode V5 Text.app/Contents/Resources/sdk/vexv5/libv5rt.a(v5_apijump.c.obj)
                0x0000000003801d10                vexTaskCheckTimeslice
 .text.vexTaskSleep
                0x0000000003801d20       0x10 /Applications/VEXcode V5 Text.app/Contents/Resources/sdk/vexv5/libv5rt.a(v5_apijump.c.obj)
                0x0000000003801d20                vexTaskSleep
 .text.vexTasksDump
                0x0000000003801d30       0x1c /Applications/VEXcode V5 Text.app/Contents/Resources/sdk/vexv5/libv5rt.a(v5_apijump.c.obj)
                0x0000000003801d30                vexTasksDump
 .text.vexTaskGetTaskIndex
                0x0000000003801d4c       0x10 /Applications/VEXcode V5 Text.app/Contents/Resources/sdk/vexv5/libv5rt.a(v5_apijump.c.obj)
                0x0000000003801d4c                vexTaskGetTaskIndex
 .text.vexTaskStopAll
                0x0000000003801d5c       0x10 /Applications/VEXcode V5 Text.app/Contents/Resources/sdk/vexv5/libv5rt.a(v5_apijump.c.obj)
                0x0000000003801d5c                vexTaskStopAll
 .text.vexTaskRemoveAllUser
                0x0000000003801d6c       0x34 /Applications/VEXcode V5 Text.app/Contents/Resources/sdk/vexv5/libv5rt.a(v5_apijump.c.obj)
                0x0000000003801d6c                vexTaskRemoveAllUser
 .text.vexTaskCompletionIdSet
                0x0000000003801da0       0x10 /Applications/VEXcode V5 Text.app/Contents/Resources/sdk/vexv5/libv5rt.a(v5_apijump.c.obj)
                0x0000000003801da0                vexTaskCompletionIdSet
 .text.vexCriticalSection
                0x0000000003801db0       0x2c /Applications/VEXcode V5 Text.app/Contents/Resources/sdk/vexv5/libv5rt.a(v5_apijump.c.obj)
                0x0000000003801db0                vexCriticalSection
 .text.vexEventAdd
                0x0000000003801ddc       0x34 /Applications/VEXcode V5 Text.app/Contents/Resources/sdk/vexv5/libv5rt.a(v5_apijump.c.obj)
                0x0000000003801ddc                vexEventAdd
 .text.vexEventUserIndexGet
                0x0000000003801e10       0x1c /Applications/VEXcode V5 Text.app/Contents/Resources/sdk/vexv5/libv5rt.a(v5_apijump.c.obj)
                0x0000000003801e10                vexEventUserIndexGet
 .text.vexEventAddWithArg
                0x0000000003801e2c       0x3c /Applications/VEXcode V5 Text.app/Contents/Resources/sdk/vexv5/libv5rt.a(v5_apijump.c.obj)
                0x0000000003801e2c                vexEventAddWithArg
 .text.vexEventsCleanup
                0x0000000003801e68       0x2c /Applications/VEXcode V5 Text.app/Contents/Resources/sdk/vexv5/libv5rt.a(v5_apijump.c.obj)
                0x0000000003801e68                vexEventsCleanup
 .text.vexDebug
                0x0000000003801e94       0x38 /Applications/VEXcode V5 Text.app/Contents/Resources/sdk/vexv5/libv5rt.a(v5_apijump.c.obj)
                0x0000000003801e94                vexDebug
 .text.vex_sprintf
                0x0000000003801ecc       0x40 /Applications/VEXcode V5 Text.app/Contents/Resources/sdk/vexv5/libv5rt.a(v5_apijump.c.obj)
                0x0000000003801ecc                vex_sprintf
 .text.vex_vsnprintf
                0x0000000003801f0c       0x3c /Applications/VEXcode V5 Text.app/Contents/Resources/sdk/vexv5/libv5rt.a(v5_apijump.c.obj)
                0x0000000003801f0c                vex_vsnprintf
 .text.vexSystemTimeGet
                0x0000000003801f48       0x1c /Applications/VEXcode V5 Text.app/Contents/Resources/sdk/vexv5/libv5rt.a(v5_apijump.c.obj)
                0x0000000003801f48                vexSystemTimeGet
 .text.vexSystemExitRequest
                0x0000000003801f64       0x1c /Applications/VEXcode V5 Text.app/Contents/Resources/sdk/vexv5/libv5rt.a(v5_apijump.c.obj)
                0x0000000003801f64                vexSystemExitRequest
 .text.vexDeviceGetByIndex
                0x0000000003801f80       0x24 /Applications/VEXcode V5 Text.app/Contents/Resources/sdk/vexv5/libv5rt.a(v5_apijump.c.obj)
                0x0000000003801f80                vexDeviceGetByIndex
 .text.vexControllerGet
                0x0000000003801fa4       0x2c /Applications/VEXcode V5 Text.app/Contents/Resources/sdk/vexv5/libv5rt.a(v5_apijump.c.obj)
                0x0000000003801fa4                vexControllerGet
 .text.vexControllerTextSet
                0x0000000003801fd0       0x74 /Applications/VEXcode V5 Text.app/Contents/Resources/sdk/vexv5/libv5rt.a(v5_apijump.c.obj)
                0x0000000003801fd0                vexControllerTextSet
 .text.vexDeviceAdiPortConfigSet
                0x0000000003802044       0x34 /Applications/VEXcode V5 Text.app/Contents/Resources/sdk/vexv5/libv5rt.a(v5_apijump.c.obj)
                0x0000000003802044                vexDeviceAdiPortConfigSet
 .text.vexDeviceMotorVelocitySet
                0x0000000003802078       0x2c /Applications/VEXcode V5 Text.app/Contents/Resources/sdk/vexv5/libv5rt.a(v5_apijump.c.obj)
                0x0000000003802078                vexDeviceMotorVelocitySet
 .text.vexDeviceMotorActualVelocityGet
                0x00000000038020a4       0x24 /Applications/VEXcode V5 Text.app/Contents/Resources/sdk/vexv5/libv5rt.a(v5_apijump.c.obj)
                0x00000000038020a4                vexDeviceMotorActualVelocityGet
 .text.vexDeviceMotorZeroPositionFlagGet
                0x00000000038020c8       0x24 /Applications/VEXcode V5 Text.app/Contents/Resources/sdk/vexv5/libv5rt.a(v5_apijump.c.obj)
                0x00000000038020c8                vexDeviceMotorZeroPositionFlagGet
 .text.vexDeviceMotorReverseFlagSet
                0x00000000038020ec       0x2c /Applications/VEXcode V5 Text.app/Contents/Resources/sdk/vexv5/libv5rt.a(v5_apijump.c.obj)
                0x00000000038020ec                vexDeviceMotorReverseFlagSet
 .text.vexDeviceMotorEncoderUnitsSet
                0x0000000003802118       0x2c /Applications/VEXcode V5 Text.app/Contents/Resources/sdk/vexv5/libv5rt.a(v5_apijump.c.obj)
                0x0000000003802118                vexDeviceMotorEncoderUnitsSet
 .text.vexDeviceMotorBrakeModeSet
                0x0000000003802144       0x2c /Applications/VEXcode V5 Text.app/Contents/Resources/sdk/vexv5/libv5rt.a(v5_apijump.c.obj)
                0x0000000003802144                vexDeviceMotorBrakeModeSet
 .text.vexDeviceMotorPositionSet
                0x0000000003802170       0x34 /Applications/VEXcode V5 Text.app/Contents/Resources/sdk/vexv5/libv5rt.a(v5_apijump.c.obj)
                0x0000000003802170                vexDeviceMotorPositionSet
 .text.vexDeviceMotorPositionGet
                0x00000000038021a4       0x24 /Applications/VEXcode V5 Text.app/Contents/Resources/sdk/vexv5/libv5rt.a(v5_apijump.c.obj)
                0x00000000038021a4                vexDeviceMotorPositionGet
 .text.vexDeviceMotorAbsoluteTargetSet
                0x00000000038021c8       0x3c /Applications/VEXcode V5 Text.app/Contents/Resources/sdk/vexv5/libv5rt.a(v5_apijump.c.obj)
                0x00000000038021c8                vexDeviceMotorAbsoluteTargetSet
 .text.vexDeviceMotorGearingSet
                0x0000000003802204       0x2c /Applications/VEXcode V5 Text.app/Contents/Resources/sdk/vexv5/libv5rt.a(v5_apijump.c.obj)
                0x0000000003802204                vexDeviceMotorGearingSet
 .text.vexDeviceMotorGearingGet
                0x0000000003802230       0x24 /Applications/VEXcode V5 Text.app/Contents/Resources/sdk/vexv5/libv5rt.a(v5_apijump.c.obj)
                0x0000000003802230                vexDeviceMotorGearingGet
 .text.vexDisplayForegroundColor
                0x0000000003802254       0x24 /Applications/VEXcode V5 Text.app/Contents/Resources/sdk/vexv5/libv5rt.a(v5_apijump.c.obj)
                0x0000000003802254                vexDisplayForegroundColor
 .text.vexDisplayBackgroundColor
                0x0000000003802278       0x24 /Applications/VEXcode V5 Text.app/Contents/Resources/sdk/vexv5/libv5rt.a(v5_apijump.c.obj)
                0x0000000003802278                vexDisplayBackgroundColor
 .text.vexDisplayBackgroundColorGet
                0x000000000380229c       0x1c /Applications/VEXcode V5 Text.app/Contents/Resources/sdk/vexv5/libv5rt.a(v5_apijump.c.obj)
                0x000000000380229c                vexDisplayBackgroundColorGet
 .text.vexDisplayRectClear
                0x00000000038022b8       0x4c /Applications/VEXcode V5 Text.app/Contents/Resources/sdk/vexv5/libv5rt.a(v5_apijump.c.obj)
                0x00000000038022b8                vexDisplayRectClear
 .text.vexDisplayPrintf
                0x0000000003802304       0x68 /Applications/VEXcode V5 Text.app/Contents/Resources/sdk/vexv5/libv5rt.a(v5_apijump.c.obj)
                0x0000000003802304                vexDisplayPrintf
 .text.vexDisplayTextReference
                0x000000000380236c       0x24 /Applications/VEXcode V5 Text.app/Contents/Resources/sdk/vexv5/libv5rt.a(v5_apijump.c.obj)
                0x000000000380236c                vexDisplayTextReference
 .text.vexDisplayTextSize
                0x0000000003802390       0x2c /Applications/VEXcode V5 Text.app/Contents/Resources/sdk/vexv5/libv5rt.a(v5_apijump.c.obj)
                0x0000000003802390                vexDisplayTextSize
 .text.vexDisplayFontNamedSet
                0x00000000038023bc       0x24 /Applications/VEXcode V5 Text.app/Contents/Resources/sdk/vexv5/libv5rt.a(v5_apijump.c.obj)
                0x00000000038023bc                vexDisplayFontNamedSet
 .text.vexDisplayStringWidthGet
                0x00000000038023e0       0x24 /Applications/VEXcode V5 Text.app/Contents/Resources/sdk/vexv5/libv5rt.a(v5_apijump.c.obj)
                0x00000000038023e0                vexDisplayStringWidthGet
 .text.vexSystemStdlibImpureDataAddr
                0x0000000003802404       0x28 /Applications/VEXcode V5 Text.app/Contents/Resources/sdk/vexv5/libv5rt.a(v5_apijump.c.obj)
                0x0000000003802404                vexSystemStdlibImpureDataAddr
 .text.vexSystemStdlibImpureDataSize
                0x000000000380242c       0x28 /Applications/VEXcode V5 Text.app/Contents/Resources/sdk/vexv5/libv5rt.a(v5_apijump.c.obj)
                0x000000000380242c                vexSystemStdlibImpureDataSize
 .text.vexSystemSaveUserData
                0x0000000003802454       0x3c /Applications/VEXcode V5 Text.app/Contents/Resources/sdk/vexv5/libv5rt.a(v5_apijump.c.obj)
                0x0000000003802454                vexSystemSaveUserData
 .text.vexDisplayThemeIdGet
                0x0000000003802490       0x38 /Applications/VEXcode V5 Text.app/Contents/Resources/sdk/vexv5/libv5rt.a(v5_apijump.c.obj)
                0x0000000003802490                vexDisplayThemeIdGet
 .text.vexDeviceEventMaskSet
                0x00000000038024c8       0x48 /Applications/VEXcode V5 Text.app/Contents/Resources/sdk/vexv5/libv5rt.a(v5_apijump.c.obj)
                0x00000000038024c8                vexDeviceEventMaskSet
 .text.vexDeviceEventMaskGet
                0x0000000003802510       0x3c /Applications/VEXcode V5 Text.app/Contents/Resources/sdk/vexv5/libv5rt.a(v5_apijump.c.obj)
                0x0000000003802510                vexDeviceEventMaskGet
 .text.vexSystemVersion
                0x000000000380254c       0x10 /Applications/VEXcode V5 Text.app/Contents/Resources/sdk/vexv5/libv5rt.a(v5_apiversions.c.obj)
                0x000000000380254c                vexSystemVersion
 .text.vexStdlibVersion
                0x000000000380255c       0x10 /Applications/VEXcode V5 Text.app/Contents/Resources/sdk/vexv5/libv5rt.a(v5_apiversions.c.obj)
                0x000000000380255c                vexStdlibVersion
 .text._ZN3vex5motor9installedEv
                0x000000000380256c       0x18 /Applications/VEXcode V5 Text.app/Contents/Resources/sdk/vexv5/libv5rt.a(vex_motor.cpp.obj)
                0x000000000380256c                vex::motor::installed()
 .text._ZN3vex5motorD2Ev
                0x0000000003802584       0x20 /Applications/VEXcode V5 Text.app/Contents/Resources/sdk/vexv5/libv5rt.a(vex_motor.cpp.obj)
                0x0000000003802584                vex::motor::~motor()
                0x0000000003802584                vex::motor::~motor()
 .text._ZN3vex5motor15defaultStoppingENS_9brakeTypeE
                0x00000000038025a4       0x30 /Applications/VEXcode V5 Text.app/Contents/Resources/sdk/vexv5/libv5rt.a(vex_motor.cpp.obj)
                0x00000000038025a4                vex::motor::defaultStopping(vex::brakeType)
 .text._ZN3vex5motorC2El
                0x00000000038025d4       0x78 /Applications/VEXcode V5 Text.app/Contents/Resources/sdk/vexv5/libv5rt.a(vex_motor.cpp.obj)
                0x00000000038025d4                vex::motor::motor(long)
                0x00000000038025d4                vex::motor::motor(long)
 .text._ZN3vex5motorC2ElNS_11gearSettingEb
                0x000000000380264c       0x34 /Applications/VEXcode V5 Text.app/Contents/Resources/sdk/vexv5/libv5rt.a(vex_motor.cpp.obj)
                0x000000000380264c                vex::motor::motor(long, vex::gearSetting, bool)
                0x000000000380264c                vex::motor::motor(long, vex::gearSetting, bool)
 .text._ZN3vex5motor4stopENS_9brakeTypeE
                0x0000000003802680       0x30 /Applications/VEXcode V5 Text.app/Contents/Resources/sdk/vexv5/libv5rt.a(vex_motor.cpp.obj)
                0x0000000003802680                vex::motor::stop(vex::brakeType)
 .text._ZN3vex5motor4stopEv
                0x00000000038026b0        0x8 /Applications/VEXcode V5 Text.app/Contents/Resources/sdk/vexv5/libv5rt.a(vex_motor.cpp.obj)
                0x00000000038026b0                vex::motor::stop()
 .text._ZN3vex5motor16velocityToScaledEdNS_13velocityUnitsE
                0x00000000038026b8       0x5c /Applications/VEXcode V5 Text.app/Contents/Resources/sdk/vexv5/libv5rt.a(vex_motor.cpp.obj)
                0x00000000038026b8                vex::motor::velocityToScaled(double, vex::velocityUnits)
 .text._ZN3vex5motor8velocityENS_13velocityUnitsE
                0x0000000003802714       0x30 /Applications/VEXcode V5 Text.app/Contents/Resources/sdk/vexv5/libv5rt.a(vex_motor.cpp.obj)
                0x0000000003802714                vex::motor::velocity(vex::velocityUnits)
 .text._ZN3vex5motor5valueEv
                0x0000000003802744       0x1c /Applications/VEXcode V5 Text.app/Contents/Resources/sdk/vexv5/libv5rt.a(vex_motor.cpp.obj)
                0x0000000003802744                vex::motor::value()
 .text._ZN3vex5motor16scaledToVelocityEdNS_13velocityUnitsE
                0x0000000003802760       0xa4 /Applications/VEXcode V5 Text.app/Contents/Resources/sdk/vexv5/libv5rt.a(vex_motor.cpp.obj)
                0x0000000003802760                vex::motor::scaledToVelocity(double, vex::velocityUnits)
 .text._ZN3vex5motor4spinENS_13directionTypeEdNS_13velocityUnitsE
                0x0000000003802804       0x5c /Applications/VEXcode V5 Text.app/Contents/Resources/sdk/vexv5/libv5rt.a(vex_motor.cpp.obj)
                0x0000000003802804                vex::motor::spin(vex::directionType, double, vex::velocityUnits)
 .text._ZN3vex5motor4spinENS_13directionTypeE
                0x0000000003802860       0x28 /Applications/VEXcode V5 Text.app/Contents/Resources/sdk/vexv5/libv5rt.a(vex_motor.cpp.obj)
                0x0000000003802860                vex::motor::spin(vex::directionType)
 .text._ZN3vex5motor11setVelocityEdNS_13velocityUnitsE
                0x0000000003802888       0x54 /Applications/VEXcode V5 Text.app/Contents/Resources/sdk/vexv5/libv5rt.a(vex_motor.cpp.obj)
                0x0000000003802888                vex::motor::setVelocity(double, vex::velocityUnits)
 .text._ZN3vex5motor16setRotationUnitsENS_13rotationUnitsE
                0x00000000038028dc       0x1c /Applications/VEXcode V5 Text.app/Contents/Resources/sdk/vexv5/libv5rt.a(vex_motor.cpp.obj)
                0x00000000038028dc                vex::motor::setRotationUnits(vex::rotationUnits)
 .text._ZN3vex5motor11setRotationEdNS_13rotationUnitsE
                0x00000000038028f8       0x44 /Applications/VEXcode V5 Text.app/Contents/Resources/sdk/vexv5/libv5rt.a(vex_motor.cpp.obj)
                0x00000000038028f8                vex::motor::setRotation(double, vex::rotationUnits)
 .text._ZN3vex5motor13resetRotationEv
                0x000000000380293c       0x20 /Applications/VEXcode V5 Text.app/Contents/Resources/sdk/vexv5/libv5rt.a(vex_motor.cpp.obj)
                0x000000000380293c                vex::motor::resetRotation()
 .text._ZN3vex5motor8rotateToEdNS_13rotationUnitsEdNS_13velocityUnitsEb
                0x000000000380295c       0xc4 /Applications/VEXcode V5 Text.app/Contents/Resources/sdk/vexv5/libv5rt.a(vex_motor.cpp.obj)
                0x000000000380295c                vex::motor::rotateTo(double, vex::rotationUnits, double, vex::velocityUnits, bool)
 .text._ZN3vex5motor8rotateToEdNS_13rotationUnitsEb
                0x0000000003802a20       0x34 /Applications/VEXcode V5 Text.app/Contents/Resources/sdk/vexv5/libv5rt.a(vex_motor.cpp.obj)
                0x0000000003802a20                vex::motor::rotateTo(double, vex::rotationUnits, bool)
 .text._ZN3vex5motor8rotationENS_13rotationUnitsE
                0x0000000003802a54       0x44 /Applications/VEXcode V5 Text.app/Contents/Resources/sdk/vexv5/libv5rt.a(vex_motor.cpp.obj)
                0x0000000003802a54                vex::motor::rotation(vex::rotationUnits)
 .text._ZN3vex10controllerD2Ev
                0x0000000003802a98        0x4 /Applications/VEXcode V5 Text.app/Contents/Resources/sdk/vexv5/libv5rt.a(vex_controller.cpp.obj)
                0x0000000003802a98                vex::controller::~controller()
                0x0000000003802a98                vex::controller::~controller()
 .text._ZN3vex10controller5valueE19_V5_ControllerIndex
                0x0000000003802a9c        0x8 /Applications/VEXcode V5 Text.app/Contents/Resources/sdk/vexv5/libv5rt.a(vex_controller.cpp.obj)
                0x0000000003802a9c                vex::controller::value(_V5_ControllerIndex)
 .text._ZN3vex10controller6button7pressedEPFvvE
                0x0000000003802aa4      0x108 /Applications/VEXcode V5 Text.app/Contents/Resources/sdk/vexv5/libv5rt.a(vex_controller.cpp.obj)
                0x0000000003802aa4                vex::controller::button::pressed(void (*)())
 .text._ZN3vex10controller6button21_buttonToPressedEventEv
                0x0000000003802bac       0x20 /Applications/VEXcode V5 Text.app/Contents/Resources/sdk/vexv5/libv5rt.a(vex_controller.cpp.obj)
                0x0000000003802bac                vex::controller::button::_buttonToPressedEvent()
 .text._ZN3vex10controller6button22_buttonToReleasedEventEv
                0x0000000003802bcc       0x20 /Applications/VEXcode V5 Text.app/Contents/Resources/sdk/vexv5/libv5rt.a(vex_controller.cpp.obj)
                0x0000000003802bcc                vex::controller::button::_buttonToReleasedEvent()
 .text._ZN3vex10controller6buttonC2ENS0_11tButtonTypeEPS0_
                0x0000000003802bec       0x48 /Applications/VEXcode V5 Text.app/Contents/Resources/sdk/vexv5/libv5rt.a(vex_controller.cpp.obj)
                0x0000000003802bec                vex::controller::button::button(vex::controller::tButtonType, vex::controller*)
                0x0000000003802bec                vex::controller::button::button(vex::controller::tButtonType, vex::controller*)
 .text._ZN3vex10controller4axis5valueEv
                0x0000000003802c34       0x58 /Applications/VEXcode V5 Text.app/Contents/Resources/sdk/vexv5/libv5rt.a(vex_controller.cpp.obj)
                0x0000000003802c34                vex::controller::axis::value()
 .text._ZN3vex10controller4axis7changedEPFvvE
                0x0000000003802c8c       0x68 /Applications/VEXcode V5 Text.app/Contents/Resources/sdk/vexv5/libv5rt.a(vex_controller.cpp.obj)
                0x0000000003802c8c                vex::controller::axis::changed(void (*)())
 .text._ZN3vex10controller4axis23_joystickToChangedEventEv
                0x0000000003802cf4       0x20 /Applications/VEXcode V5 Text.app/Contents/Resources/sdk/vexv5/libv5rt.a(vex_controller.cpp.obj)
                0x0000000003802cf4                vex::controller::axis::_joystickToChangedEvent()
 .text._ZN3vex10controller4axisC2ENS0_9tAxisTypeEPS0_
                0x0000000003802d14       0x2c /Applications/VEXcode V5 Text.app/Contents/Resources/sdk/vexv5/libv5rt.a(vex_controller.cpp.obj)
                0x0000000003802d14                vex::controller::axis::axis(vex::controller::tAxisType, vex::controller*)
                0x0000000003802d14                vex::controller::axis::axis(vex::controller::tAxisType, vex::controller*)
 .text._ZN3vex10controllerC2Ev
                0x0000000003802d40      0x204 /Applications/VEXcode V5 Text.app/Contents/Resources/sdk/vexv5/libv5rt.a(vex_controller.cpp.obj)
                0x0000000003802d40                vex::controller::controller()
                0x0000000003802d40                vex::controller::controller()
 .text._ZN3vex10controller3lcd15getControllerIdEv
                0x0000000003802f44       0x10 /Applications/VEXcode V5 Text.app/Contents/Resources/sdk/vexv5/libv5rt.a(vex_controller.cpp.obj)
                0x0000000003802f44                vex::controller::lcd::getControllerId()
 .text._ZN3vex10controller3lcd9setCursorEll
                0x0000000003802f54       0x40 /Applications/VEXcode V5 Text.app/Contents/Resources/sdk/vexv5/libv5rt.a(vex_controller.cpp.obj)
                0x0000000003802f54                vex::controller::lcd::setCursor(long, long)
 .text._ZN3vex10controller3lcd5printEPKcz
                0x0000000003802f94       0x74 /Applications/VEXcode V5 Text.app/Contents/Resources/sdk/vexv5/libv5rt.a(vex_controller.cpp.obj)
                0x0000000003802f94                vex::controller::lcd::print(char const*, ...)
 .text._ZN3vex10controller3lcd9clearLineEi
                0x0000000003803008       0x44 /Applications/VEXcode V5 Text.app/Contents/Resources/sdk/vexv5/libv5rt.a(vex_controller.cpp.obj)
                0x0000000003803008                vex::controller::lcd::clearLine(int)
 .text._ZN3vex10controller3lcd11clearScreenEv
                0x000000000380304c       0x5c /Applications/VEXcode V5 Text.app/Contents/Resources/sdk/vexv5/libv5rt.a(vex_controller.cpp.obj)
                0x000000000380304c                vex::controller::lcd::clearScreen()
 .text._ZN3vex4taskC2EPFivE
                0x00000000038030a8       0x54 /Applications/VEXcode V5 Text.app/Contents/Resources/sdk/vexv5/libv5rt.a(vex_task.cpp.obj)
                0x00000000038030a8                vex::task::task(int (*)())
                0x00000000038030a8                vex::task::task(int (*)())
 .text._ZN3vex4taskD2Ev
                0x00000000038030fc        0x4 /Applications/VEXcode V5 Text.app/Contents/Resources/sdk/vexv5/libv5rt.a(vex_task.cpp.obj)
                0x00000000038030fc                vex::task::~task()
                0x00000000038030fc                vex::task::~task()
 .text._ZN3vex4task4stopEPFivE
                0x0000000003803100        0xc /Applications/VEXcode V5 Text.app/Contents/Resources/sdk/vexv5/libv5rt.a(vex_task.cpp.obj)
                0x0000000003803100                vex::task::stop(int (*)())
 .text._ZN3vex4task5sleepEm
                0x000000000380310c        0x4 /Applications/VEXcode V5 Text.app/Contents/Resources/sdk/vexv5/libv5rt.a(vex_task.cpp.obj)
                0x000000000380310c                vex::task::sleep(unsigned long)
 .text._ZN3vex4task6_indexEPFivE
                0x0000000003803110       0x14 /Applications/VEXcode V5 Text.app/Contents/Resources/sdk/vexv5/libv5rt.a(vex_task.cpp.obj)
                0x0000000003803110                vex::task::_index(int (*)())
 .text._ZN3vex4task8_stopAllEv
                0x0000000003803124       0x3c /Applications/VEXcode V5 Text.app/Contents/Resources/sdk/vexv5/libv5rt.a(vex_task.cpp.obj)
                0x0000000003803124                vex::task::_stopAll()
 .text._ZN3vex5event4initEmmPFvvE
                0x0000000003803160        0x4 /Applications/VEXcode V5 Text.app/Contents/Resources/sdk/vexv5/libv5rt.a(vex_event.cpp.obj)
                0x0000000003803160                vex::event::init(unsigned long, unsigned long, void (*)())
 .text._ZN3vex5event4initEmmPFvPvES1_
                0x0000000003803164        0x4 /Applications/VEXcode V5 Text.app/Contents/Resources/sdk/vexv5/libv5rt.a(vex_event.cpp.obj)
                0x0000000003803164                vex::event::init(unsigned long, unsigned long, void (*)(void*), void*)
 .text._ZN3vex5event9userindexEv
                0x0000000003803168        0x4 /Applications/VEXcode V5 Text.app/Contents/Resources/sdk/vexv5/libv5rt.a(vex_event.cpp.obj)
                0x0000000003803168                vex::event::userindex()
 .text._ZZN3vex6meventC4EmmENUlvE_4_FUNEv
                0x000000000380316c        0x4 /Applications/VEXcode V5 Text.app/Contents/Resources/sdk/vexv5/libv5rt.a(vex_mevent.cpp.obj)
 .text._ZN3vex6meventC2Emm
                0x0000000003803170       0x70 /Applications/VEXcode V5 Text.app/Contents/Resources/sdk/vexv5/libv5rt.a(vex_mevent.cpp.obj)
                0x0000000003803170                vex::mevent::mevent(unsigned long, unsigned long)
                0x0000000003803170                vex::mevent::mevent(unsigned long, unsigned long)
 .text._ZN3vex5brainD2Ev
                0x00000000038031e0       0x20 /Applications/VEXcode V5 Text.app/Contents/Resources/sdk/vexv5/libv5rt.a(vex_brain.cpp.obj)
                0x00000000038031e0                vex::brain::~brain()
                0x00000000038031e0                vex::brain::~brain()
 .text._ZN3vex5brain9_getIndexEv
                0x0000000003803200       0x10 /Applications/VEXcode V5 Text.app/Contents/Resources/sdk/vexv5/libv5rt.a(vex_brain.cpp.obj)
                0x0000000003803200                vex::brain::_getIndex()
 .text._ZN3vex5brain3lcd9setCursorEll
                0x0000000003803210       0x44 /Applications/VEXcode V5 Text.app/Contents/Resources/sdk/vexv5/libv5rt.a(vex_brain.cpp.obj)
                0x0000000003803210                vex::brain::lcd::setCursor(long, long)
 .text._ZN3vex5brain3lcd7setFontENS_8fontTypeE
                0x0000000003803254      0x23c /Applications/VEXcode V5 Text.app/Contents/Resources/sdk/vexv5/libv5rt.a(vex_brain.cpp.obj)
                0x0000000003803254                vex::brain::lcd::setFont(vex::fontType)
 .text._ZN3vex5brain3lcdC2Ev
                0x0000000003803490       0x94 /Applications/VEXcode V5 Text.app/Contents/Resources/sdk/vexv5/libv5rt.a(vex_brain.cpp.obj)
                0x0000000003803490                vex::brain::lcd::lcd()
                0x0000000003803490                vex::brain::lcd::lcd()
 .text._ZN3vex5brainC2Ev
                0x0000000003803524       0x38 /Applications/VEXcode V5 Text.app/Contents/Resources/sdk/vexv5/libv5rt.a(vex_brain.cpp.obj)
                0x0000000003803524                vex::brain::brain()
                0x0000000003803524                vex::brain::brain()
 .text._ZN3vex5brain3lcd12_clearScreenEm
                0x000000000380355c       0x38 /Applications/VEXcode V5 Text.app/Contents/Resources/sdk/vexv5/libv5rt.a(vex_brain.cpp.obj)
                0x000000000380355c                vex::brain::lcd::_clearScreen(unsigned long)
 .text._ZN3vex5brain3lcd11clearScreenERKNS_5colorE
                0x0000000003803594       0x20 /Applications/VEXcode V5 Text.app/Contents/Resources/sdk/vexv5/libv5rt.a(vex_brain.cpp.obj)
                0x0000000003803594                vex::brain::lcd::clearScreen(vex::color const&)
 .text._ZN3vex5brain3lcd11clearScreenEv
                0x00000000038035b4       0x2c /Applications/VEXcode V5 Text.app/Contents/Resources/sdk/vexv5/libv5rt.a(vex_brain.cpp.obj)
                0x00000000038035b4                vex::brain::lcd::clearScreen()
 .text._ZN3vex5brain3lcd10rowToPixelEl
                0x00000000038035e0       0x34 /Applications/VEXcode V5 Text.app/Contents/Resources/sdk/vexv5/libv5rt.a(vex_brain.cpp.obj)
                0x00000000038035e0                vex::brain::lcd::rowToPixel(long)
 .text._ZN3vex5brain3lcd10colToPixelEl
                0x0000000003803614       0x1c /Applications/VEXcode V5 Text.app/Contents/Resources/sdk/vexv5/libv5rt.a(vex_brain.cpp.obj)
                0x0000000003803614                vex::brain::lcd::colToPixel(long)
 .text._ZN3vex5brain3lcd5printEPKcz
                0x0000000003803630       0xa0 /Applications/VEXcode V5 Text.app/Contents/Resources/sdk/vexv5/libv5rt.a(vex_brain.cpp.obj)
                0x0000000003803630                vex::brain::lcd::print(char const*, ...)
 .text._ZN3vex11competition8_disableEPv
                0x00000000038036d0       0x9c /Applications/VEXcode V5 Text.app/Contents/Resources/sdk/vexv5/libv5rt.a(vex_competition.cpp.obj)
                0x00000000038036d0                vex::competition::_disable(void*)
 .text._ZN3vex11competition11_autonomousEv
                0x000000000380376c       0x7c /Applications/VEXcode V5 Text.app/Contents/Resources/sdk/vexv5/libv5rt.a(vex_competition.cpp.obj)
                0x000000000380376c                vex::competition::_autonomous()
 .text._ZN3vex11competition14_drivercontrolEv
                0x00000000038037e8       0x7c /Applications/VEXcode V5 Text.app/Contents/Resources/sdk/vexv5/libv5rt.a(vex_competition.cpp.obj)
                0x00000000038037e8                vex::competition::_drivercontrol()
 .text._ZN3vex11competitionC2Ev
                0x0000000003803864      0x13c /Applications/VEXcode V5 Text.app/Contents/Resources/sdk/vexv5/libv5rt.a(vex_competition.cpp.obj)
                0x0000000003803864                vex::competition::competition()
                0x0000000003803864                vex::competition::competition()
 .text._ZN3vex11competitionD2Ev
                0x00000000038039a0        0x4 /Applications/VEXcode V5 Text.app/Contents/Resources/sdk/vexv5/libv5rt.a(vex_competition.cpp.obj)
                0x00000000038039a0                vex::competition::~competition()
                0x00000000038039a0                vex::competition::~competition()
 .text._ZN3vex11competition10autonomousEPFvvE
                0x00000000038039a4       0x44 /Applications/VEXcode V5 Text.app/Contents/Resources/sdk/vexv5/libv5rt.a(vex_competition.cpp.obj)
                0x00000000038039a4                vex::competition::autonomous(void (*)())
 .text._ZN3vex11competition13drivercontrolEPFvvE
                0x00000000038039e8       0x44 /Applications/VEXcode V5 Text.app/Contents/Resources/sdk/vexv5/libv5rt.a(vex_competition.cpp.obj)
                0x00000000038039e8                vex::competition::drivercontrol(void (*)())
 .text._ZN3vex7triport9installedEv
                0x0000000003803a2c       0x18 /Applications/VEXcode V5 Text.app/Contents/Resources/sdk/vexv5/libv5rt.a(vex_triport.cpp.obj)
                0x0000000003803a2c                vex::triport::installed()
 .text._ZN3vex7triportD2Ev
                0x0000000003803a44       0x38 /Applications/VEXcode V5 Text.app/Contents/Resources/sdk/vexv5/libv5rt.a(vex_triport.cpp.obj)
                0x0000000003803a44                vex::triport::~triport()
                0x0000000003803a44                vex::triport::~triport()
 .text._ZN3vex7triport4portC2ElPS0_
                0x0000000003803a7c       0x90 /Applications/VEXcode V5 Text.app/Contents/Resources/sdk/vexv5/libv5rt.a(vex_triport.cpp.obj)
                0x0000000003803a7c                vex::triport::port::port(long, vex::triport*)
                0x0000000003803a7c                vex::triport::port::port(long, vex::triport*)
 .text._ZN3vex7triportC2El
                0x0000000003803b0c       0xf0 /Applications/VEXcode V5 Text.app/Contents/Resources/sdk/vexv5/libv5rt.a(vex_triport.cpp.obj)
                0x0000000003803b0c                vex::triport::triport(long)
                0x0000000003803b0c                vex::triport::triport(long)
 .text.startup._GLOBAL__sub_I__ZN3vex7triportC2El
                0x0000000003803bfc       0x30 /Applications/VEXcode V5 Text.app/Contents/Resources/sdk/vexv5/libv5rt.a(vex_triport.cpp.obj)
 .text._ZN3vex5colorD2Ev
                0x0000000003803c2c        0x4 /Applications/VEXcode V5 Text.app/Contents/Resources/sdk/vexv5/libv5rt.a(vex_color.cpp.obj)
                0x0000000003803c2c                vex::color::~color()
                0x0000000003803c2c                vex::color::~color()
 .text._ZNK3vex5colorcvmEv
                0x0000000003803c30        0x8 /Applications/VEXcode V5 Text.app/Contents/Resources/sdk/vexv5/libv5rt.a(vex_color.cpp.obj)
                0x0000000003803c30                vex::color::operator unsigned long() const
 .text.startup._GLOBAL__sub_I__ZN3vex5color5blackE
                0x0000000003803c38      0x164 /Applications/VEXcode V5 Text.app/Contents/Resources/sdk/vexv5/libv5rt.a(vex_color.cpp.obj)
 .text._ZN3vex5timerD2Ev
                0x0000000003803d9c        0x4 /Applications/VEXcode V5 Text.app/Contents/Resources/sdk/vexv5/libv5rt.a(vex_timer.cpp.obj)
                0x0000000003803d9c                vex::timer::~timer()
                0x0000000003803d9c                vex::timer::~timer()
 .text._ZN3vex5timer5clearEv
                0x0000000003803da0       0x1c /Applications/VEXcode V5 Text.app/Contents/Resources/sdk/vexv5/libv5rt.a(vex_timer.cpp.obj)
                0x0000000003803da0                vex::timer::clear()
 .text._ZN3vex5timerC2Ev
                0x0000000003803dbc       0x14 /Applications/VEXcode V5 Text.app/Contents/Resources/sdk/vexv5/libv5rt.a(vex_timer.cpp.obj)
                0x0000000003803dbc                vex::timer::timer()
                0x0000000003803dbc                vex::timer::timer()
 .text.vexAdiPortConfigSet
                0x0000000003803dd0       0x28 /Applications/VEXcode V5 Text.app/Contents/Resources/sdk/vexv5/libv5rt.a(v5_apiuser.c.obj)
                0x0000000003803dd0                vexAdiPortConfigSet
 .text.vexMotorVelocitySet
                0x0000000003803df8       0x20 /Applications/VEXcode V5 Text.app/Contents/Resources/sdk/vexv5/libv5rt.a(v5_apiuser.c.obj)
                0x0000000003803df8                vexMotorVelocitySet
 .text.vexMotorActualVelocityGet
                0x0000000003803e18       0x24 /Applications/VEXcode V5 Text.app/Contents/Resources/sdk/vexv5/libv5rt.a(v5_apiuser.c.obj)
                0x0000000003803e18                vexMotorActualVelocityGet
 .text.vexMotorZeroPositionFlagGet
                0x0000000003803e3c       0x18 /Applications/VEXcode V5 Text.app/Contents/Resources/sdk/vexv5/libv5rt.a(v5_apiuser.c.obj)
                0x0000000003803e3c                vexMotorZeroPositionFlagGet
 .text.vexMotorReverseFlagSet
                0x0000000003803e54       0x20 /Applications/VEXcode V5 Text.app/Contents/Resources/sdk/vexv5/libv5rt.a(v5_apiuser.c.obj)
                0x0000000003803e54                vexMotorReverseFlagSet
 .text.vexMotorEncoderUnitsSet
                0x0000000003803e74       0x20 /Applications/VEXcode V5 Text.app/Contents/Resources/sdk/vexv5/libv5rt.a(v5_apiuser.c.obj)
                0x0000000003803e74                vexMotorEncoderUnitsSet
 .text.vexMotorBrakeModeSet
                0x0000000003803e94       0x20 /Applications/VEXcode V5 Text.app/Contents/Resources/sdk/vexv5/libv5rt.a(v5_apiuser.c.obj)
                0x0000000003803e94                vexMotorBrakeModeSet
 .text.vexMotorPositionSet
                0x0000000003803eb4       0x28 /Applications/VEXcode V5 Text.app/Contents/Resources/sdk/vexv5/libv5rt.a(v5_apiuser.c.obj)
                0x0000000003803eb4                vexMotorPositionSet
 .text.vexMotorPositionGet
                0x0000000003803edc       0x24 /Applications/VEXcode V5 Text.app/Contents/Resources/sdk/vexv5/libv5rt.a(v5_apiuser.c.obj)
                0x0000000003803edc                vexMotorPositionGet
 .text.vexMotorAbsoluteTargetSet
                0x0000000003803f00       0x30 /Applications/VEXcode V5 Text.app/Contents/Resources/sdk/vexv5/libv5rt.a(v5_apiuser.c.obj)
                0x0000000003803f00                vexMotorAbsoluteTargetSet
 .text.vexMotorGearingSet
                0x0000000003803f30       0x20 /Applications/VEXcode V5 Text.app/Contents/Resources/sdk/vexv5/libv5rt.a(v5_apiuser.c.obj)
                0x0000000003803f30                vexMotorGearingSet
 .text.vexMotorGearingGet
                0x0000000003803f50       0x18 /Applications/VEXcode V5 Text.app/Contents/Resources/sdk/vexv5/libv5rt.a(v5_apiuser.c.obj)
                0x0000000003803f50                vexMotorGearingGet
 .text.vexEventMaskSet
                0x0000000003803f68       0x28 /Applications/VEXcode V5 Text.app/Contents/Resources/sdk/vexv5/libv5rt.a(v5_apiuser.c.obj)
                0x0000000003803f68                vexEventMaskSet
 .text.vexEventMaskGet
                0x0000000003803f90       0x18 /Applications/VEXcode V5 Text.app/Contents/Resources/sdk/vexv5/libv5rt.a(v5_apiuser.c.obj)
                0x0000000003803f90                vexEventMaskGet
 .text._ZN3vex6device5valueEv
                0x0000000003803fa8        0x8 /Applications/VEXcode V5 Text.app/Contents/Resources/sdk/vexv5/libv5rt.a(vex_device.cpp.obj)
                0x0000000003803fa8                vex::device::value()
 .text._ZN3vex6deviceD2Ev
                0x0000000003803fb0        0x4 /Applications/VEXcode V5 Text.app/Contents/Resources/sdk/vexv5/libv5rt.a(vex_device.cpp.obj)
                0x0000000003803fb0                vex::device::~device()
                0x0000000003803fb0                vex::device::~device()
 .text._ZN3vex6device4initEl
                0x0000000003803fb4       0x30 /Applications/VEXcode V5 Text.app/Contents/Resources/sdk/vexv5/libv5rt.a(vex_device.cpp.obj)
                0x0000000003803fb4                vex::device::init(long)
 .text._ZN3vex6deviceC2El
                0x0000000003803fe4       0x20 /Applications/VEXcode V5 Text.app/Contents/Resources/sdk/vexv5/libv5rt.a(vex_device.cpp.obj)
                0x0000000003803fe4                vex::device::device(long)
                0x0000000003803fe4                vex::device::device(long)
 .text._ZN3vex6device4typeEv
                0x0000000003804004       0x10 /Applications/VEXcode V5 Text.app/Contents/Resources/sdk/vexv5/libv5rt.a(vex_device.cpp.obj)
                0x0000000003804004                vex::device::type()
 .text._ZN3vex6device9installedEv
                0x0000000003804014       0x14 /Applications/VEXcode V5 Text.app/Contents/Resources/sdk/vexv5/libv5rt.a(vex_device.cpp.obj)
                0x0000000003804014                vex::device::installed()
 .text.__libc_fini_array
                0x0000000003804028       0x30 /Applications/VEXcode V5 Text.app/Contents/Resources/sdk/vexv5/gcc/libs/libc.a(lib_a-fini.o)
                0x0000000003804028                __libc_fini_array
 .text.__libc_init_array
                0x0000000003804058       0x58 /Applications/VEXcode V5 Text.app/Contents/Resources/sdk/vexv5/gcc/libs/libc.a(lib_a-init.o)
                0x0000000003804058                __libc_init_array
 .text.__libc_init_array.__stub
                0x00000000038040b0       0x20 linker stubs
 *(.gnu.linkonce.t.*)
 *(.plt)
 *(.gnu_warning)
 *(.gcc_except_table)
 *(.glue_7)
 .glue_7        0x00000000038040d0        0x0 linker stubs
 *(.glue_7t)
 .glue_7t       0x00000000038040d0        0x0 linker stubs
 *(.vfp11_veneer)
 .vfp11_veneer  0x00000000038040d0        0x0 linker stubs
 *(.ARM.extab)
 *(.gnu.linkonce.armextab.*)

.v4_bx          0x00000000038040d0        0x0
 .v4_bx         0x00000000038040d0        0x0 linker stubs

.iplt           0x00000000038040d0        0x0
 .iplt          0x00000000038040d0        0x0 build/src/main.o

.init
 *(.init)

.fini
 *(.fini)

.rodata         0x00000000038040d0      0x1dc
                0x00000000038040d0                __rodata_start = .
 *(.rodata)
 *(.rodata.*)
 .rodata.str1.1
                0x00000000038040d0       0xe9 build/src/main.o
                                         0xec (size before relaxing)
 .rodata.str1.1
                0x00000000038041b9       0x2e /Applications/VEXcode V5 Text.app/Contents/Resources/sdk/vexv5/libv5rt.a(v5_startup.c.obj)
 *fill*         0x00000000038041e7        0x1 
 .rodata._ZN3vex5PORT3E
                0x00000000038041e8        0x4 /Applications/VEXcode V5 Text.app/Contents/Resources/sdk/vexv5/libv5rt.a(vex_global.cpp.obj)
                0x00000000038041e8                vex::PORT3
 .rodata._ZN3vex5PORT1E
                0x00000000038041ec        0x4 /Applications/VEXcode V5 Text.app/Contents/Resources/sdk/vexv5/libv5rt.a(vex_global.cpp.obj)
                0x00000000038041ec                vex::PORT1
 .rodata._ZN3vex5PORT5E
                0x00000000038041f0        0x4 /Applications/VEXcode V5 Text.app/Contents/Resources/sdk/vexv5/libv5rt.a(vex_global.cpp.obj)
                0x00000000038041f0                vex::PORT5
 .rodata._ZN3vex5PORT7E
                0x00000000038041f4        0x4 /Applications/VEXcode V5 Text.app/Contents/Resources/sdk/vexv5/libv5rt.a(vex_global.cpp.obj)
                0x00000000038041f4                vex::PORT7
 .rodata._ZN3vex5PORT6E
                0x00000000038041f8        0x4 /Applications/VEXcode V5 Text.app/Contents/Resources/sdk/vexv5/libv5rt.a(vex_global.cpp.obj)
                0x00000000038041f8                vex::PORT6
 .rodata._ZN3vex5PORT2E
                0x00000000038041fc        0x4 /Applications/VEXcode V5 Text.app/Contents/Resources/sdk/vexv5/libv5rt.a(vex_global.cpp.obj)
                0x00000000038041fc                vex::PORT2
 .rodata._ZN3vex6PORT22E
                0x0000000003804200        0x4 /Applications/VEXcode V5 Text.app/Contents/Resources/sdk/vexv5/libv5rt.a(vex_global.cpp.obj)
                0x0000000003804200                vex::PORT22
 .rodata._ZN3vex5PORT4E
                0x0000000003804204        0x4 /Applications/VEXcode V5 Text.app/Contents/Resources/sdk/vexv5/libv5rt.a(vex_global.cpp.obj)
                0x0000000003804204                vex::PORT4
 .rodata._ZN3vex5PORT8E
                0x0000000003804208        0x4 /Applications/VEXcode V5 Text.app/Contents/Resources/sdk/vexv5/libv5rt.a(vex_global.cpp.obj)
                0x0000000003804208                vex::PORT8
 *fill*         0x000000000380420c        0x4 
 .rodata._ZTVN3vex5motorE
                0x0000000003804210       0x10 /Applications/VEXcode V5 Text.app/Contents/Resources/sdk/vexv5/libv5rt.a(vex_motor.cpp.obj)
                0x0000000003804210                vtable for vex::motor
 .rodata.str1.1
                0x0000000003804220       0x15 /Applications/VEXcode V5 Text.app/Contents/Resources/sdk/vexv5/libv5rt.a(vex_controller.cpp.obj)
                                         0x16 (size before relaxing)
 .rodata.CSWTCH.15
                0x0000000003804235        0xb /Applications/VEXcode V5 Text.app/Contents/Resources/sdk/vexv5/libv5rt.a(vex_controller.cpp.obj)
 .rodata.CSWTCH.17
                0x0000000003804240        0xb /Applications/VEXcode V5 Text.app/Contents/Resources/sdk/vexv5/libv5rt.a(vex_controller.cpp.obj)
 .rodata.CSWTCH.23
                0x000000000380424b        0x3 /Applications/VEXcode V5 Text.app/Contents/Resources/sdk/vexv5/libv5rt.a(vex_controller.cpp.obj)
 .rodata.str1.1
                0x000000000380424e        0xa /Applications/VEXcode V5 Text.app/Contents/Resources/sdk/vexv5/libv5rt.a(vex_task.cpp.obj)
 .rodata.str1.1
                0x0000000003804258       0x2b /Applications/VEXcode V5 Text.app/Contents/Resources/sdk/vexv5/libv5rt.a(vex_brain.cpp.obj)
 *fill*         0x0000000003804283        0x5 
 .rodata._ZTVN3vex7triportE
                0x0000000003804288       0x10 /Applications/VEXcode V5 Text.app/Contents/Resources/sdk/vexv5/libv5rt.a(vex_triport.cpp.obj)
                0x0000000003804288                vtable for vex::triport
 .rodata._ZTVN3vex6deviceE
                0x0000000003804298       0x10 /Applications/VEXcode V5 Text.app/Contents/Resources/sdk/vexv5/libv5rt.a(vex_device.cpp.obj)
                0x0000000003804298                vtable for vex::device
 .rodata.str1.4
                0x00000000038042a8        0x4 /Applications/VEXcode V5 Text.app/Contents/Resources/sdk/vexv5/gcc/libs/libc.a(lib_a-impure.o)
                                          0x2 (size before relaxing)
 *(.gnu.linkonce.r.*)
                0x00000000038042ac                __rodata_end = .

.rodata1        0x00000000038042ac        0x0
                0x00000000038042ac                __rodata1_start = .
 *(.rodata1)
 *(.rodata1.*)
                0x00000000038042ac                __rodata1_end = .

.sdata2         0x00000000038042ac        0x0
                0x00000000038042ac                __sdata2_start = .
 *(.sdata2)
 *(.sdata2.*)
 *(.gnu.linkonce.s2.*)
                0x00000000038042ac                __sdata2_end = .

.sbss2          0x00000000038042ac        0x0
                0x00000000038042ac                __sbss2_start = .
 *(.sbss2)
 *(.sbss2.*)
 *(.gnu.linkonce.sb2.*)
                0x00000000038042ac                __sbss2_end = .

.data           0x00000000038042b0      0x48c
                0x00000000038042b0                __data_start = .
 *(.data)
 *(.data.*)
 .data.chassisMultiplier
                0x00000000038042b0        0x8 build/src/main.o
                0x00000000038042b0                chassisMultiplier
 .data.FwdGrabberStop
                0x00000000038042b8        0x1 build/src/main.o
                0x00000000038042b8                FwdGrabberStop
 .data.RevGrabberStop
                0x00000000038042b9        0x1 build/src/main.o
                0x00000000038042b9                RevGrabberStop
 *fill*         0x00000000038042ba        0x6 
 .data.stackUnloadPos
                0x00000000038042c0        0x8 build/src/main.o
                0x00000000038042c0                stackUnloadPos
 .data.moreThanSevenPos
                0x00000000038042c8        0x8 build/src/main.o
                0x00000000038042c8                moreThanSevenPos
 .data.stackInStart
                0x00000000038042d0        0x1 build/src/main.o
                0x00000000038042d0                stackInStart
 *fill*         0x00000000038042d1        0x7 
 .data.midTowerPos
                0x00000000038042d8        0x8 build/src/main.o
                0x00000000038042d8                midTowerPos
 .data.lowTowerPos
                0x00000000038042e0        0x8 build/src/main.o
                0x00000000038042e0                lowTowerPos
 .data.grabberAtBottom
                0x00000000038042e8        0x1 build/src/main.o
                0x00000000038042e8                grabberAtBottom
 *fill*         0x00000000038042e9        0x7 
 .data.kP       0x00000000038042f0        0x8 build/src/main.o
                0x00000000038042f0                kP
 .data.kD       0x00000000038042f8        0x8 build/src/main.o
                0x00000000038042f8                kD
 .data.appRunning
                0x0000000003804300        0x4 /Applications/VEXcode V5 Text.app/Contents/Resources/sdk/vexv5/libv5rt.a(v5_startup.c.obj)
                0x0000000003804300                appRunning
 .data.__yoff   0x0000000003804304        0x4 /Applications/VEXcode V5 Text.app/Contents/Resources/sdk/vexv5/libv5rt.a(v5_apijump.c.obj)
 .data._ZN3vex4holdE
                0x0000000003804308        0x4 /Applications/VEXcode V5 Text.app/Contents/Resources/sdk/vexv5/libv5rt.a(vex_global.cpp.obj)
                0x0000000003804308                vex::hold
 .data._ZN3vex24__default_motor_velocityE
                0x000000000380430c        0x4 /Applications/VEXcode V5 Text.app/Contents/Resources/sdk/vexv5/libv5rt.a(vex_motor.cpp.obj)
                0x000000000380430c                vex::__default_motor_velocity
 .data.impure_data
                0x0000000003804310      0x428 /Applications/VEXcode V5 Text.app/Contents/Resources/sdk/vexv5/gcc/libs/libc.a(lib_a-impure.o)
 .data._impure_ptr
                0x0000000003804738        0x4 /Applications/VEXcode V5 Text.app/Contents/Resources/sdk/vexv5/gcc/libs/libc.a(lib_a-impure.o)
                0x0000000003804738                _impure_ptr
 *(.gnu.linkonce.d.*)
 *(.jcr)
 *(.got)
 *(.got.plt)
                0x000000000380473c                __data_end = .

.igot.plt       0x000000000380473c        0x0
 .igot.plt      0x000000000380473c        0x0 build/src/main.o

.data1          0x000000000380473c        0x0
                0x000000000380473c                __data1_start = .
 *(.data1)
 *(.data1.*)
                0x000000000380473c                __data1_end = .

.got
 *(.got)

.ctors          0x000000000380473c        0x0
                0x000000000380473c                __CTOR_LIST__ = .
                0x000000000380473c                ___CTORS_LIST___ = .
 *crtbegin.o(.ctors)
 *(EXCLUDE_FILE(*crtend.o) .ctors)
 *(SORT_BY_NAME(.ctors.*))
 *(.ctors)
                0x000000000380473c                __CTOR_END__ = .
                0x000000000380473c                ___CTORS_END___ = .

.dtors          0x000000000380473c        0x0
                0x000000000380473c                __DTOR_LIST__ = .
                0x000000000380473c                ___DTORS_LIST___ = .
 *crtbegin.o(.dtors)
 *(EXCLUDE_FILE(*crtend.o) .dtors)
 *(SORT_BY_NAME(.dtors.*))
 *(.dtors)
                0x000000000380473c                __DTOR_END__ = .
                0x000000000380473c                ___DTORS_END___ = .

.fixup          0x000000000380473c        0x0
                0x000000000380473c                __fixup_start = .
 *(.fixup)
                0x000000000380473c                __fixup_end = .

.eh_frame
 *(.eh_frame)

.eh_framehdr    0x000000000380473c        0x0
                0x000000000380473c                __eh_framehdr_start = .
 *(.eh_framehdr)
                0x000000000380473c                __eh_framehdr_end = .

.gcc_except_table
 *(.gcc_except_table)

.mmu_tbl        0x0000000003808000        0x0
                0x0000000003808000                __mmu_tbl_start = .
 *(.mmu_tbl)
                0x0000000003808000                __mmu_tbl_end = .

.ARM.exidx      0x000000000380473c        0x8
                0x000000000380473c                __exidx_start = .
 *(.ARM.exidx*)
 .ARM.exidx.text._ZNSt10_List_baseISsSaISsEED2Ev
                0x000000000380473c        0x8 build/src/main.o
 .ARM.exidx.text._Z14chassisControlv
                0x0000000003804744        0x0 build/src/main.o
                                          0x8 (size before relaxing)
 .ARM.exidx.text._Z9leftDriveN3vex13directionTypeEi
                0x0000000003804744        0x0 build/src/main.o
                                          0x8 (size before relaxing)
 .ARM.exidx.text._Z10rightDriveN3vex13directionTypeEi
                0x0000000003804744        0x0 build/src/main.o
                                          0x8 (size before relaxing)
 .ARM.exidx.text._Z7flipOutv
                0x0000000003804744        0x0 build/src/main.o
                                          0x8 (size before relaxing)
 .ARM.exidx.text._Z9r1Pressedv
                0x0000000003804744        0x0 build/src/main.o
                                          0x8 (size before relaxing)
 .ARM.exidx.text._Z14r1PressedAutond
                0x0000000003804744        0x0 build/src/main.o
                                          0x8 (size before relaxing)
 .ARM.exidx.text._Z9l2Pressedv
                0x0000000003804744        0x0 build/src/main.o
                                          0x8 (size before relaxing)
 .ARM.exidx.text._Z9r2Pressedv
                0x0000000003804744        0x0 build/src/main.o
                                          0x8 (size before relaxing)
 .ARM.exidx.text._Z10autonomousv
                0x0000000003804744        0x0 build/src/main.o
                                          0x8 (size before relaxing)
 .ARM.exidx.text._Z8leftSpind
                0x0000000003804744        0x0 build/src/main.o
                                          0x8 (size before relaxing)
 .ARM.exidx.text._Z9rightSpind
                0x0000000003804744        0x0 build/src/main.o
                                          0x8 (size before relaxing)
 .ARM.exidx.text._Z14chassisPIDMoved
                0x0000000003804744        0x0 build/src/main.o
                                          0x8 (size before relaxing)
 .ARM.exidx.text._Z9upPressedv
                0x0000000003804744        0x0 build/src/main.o
                                          0x8 (size before relaxing)
 .ARM.exidx.text._Z11downPressedv
                0x0000000003804744        0x0 build/src/main.o
                                          0x8 (size before relaxing)
 .ARM.exidx.text._Z11leftPressedv
                0x0000000003804744        0x0 build/src/main.o
                                          0x8 (size before relaxing)
 .ARM.exidx.text._Z12rightPressedv
                0x0000000003804744        0x0 build/src/main.o
                                          0x8 (size before relaxing)
 .ARM.exidx.text._Z8xPressedv
                0x0000000003804744        0x0 build/src/main.o
                                          0x8 (size before relaxing)
 .ARM.exidx.text._Z8yPressedv
                0x0000000003804744        0x0 build/src/main.o
                                          0x8 (size before relaxing)
 .ARM.exidx.text._Z8aPressedv
                0x0000000003804744        0x0 build/src/main.o
                                          0x8 (size before relaxing)
 .ARM.exidx.text._Z8bPressedv
                0x0000000003804744        0x0 build/src/main.o
                                          0x8 (size before relaxing)
 .ARM.exidx.text._Z9l1Pressedv
                0x0000000003804744        0x0 build/src/main.o
                                          0x8 (size before relaxing)
 .ARM.exidx.text._Z11usercontrolv
                0x0000000003804744        0x0 build/src/main.o
                                          0x8 (size before relaxing)
 .ARM.exidx.text.main
                0x0000000003804744        0x0 build/src/main.o
                                          0x8 (size before relaxing)
 .ARM.exidx.text._ZNSt10_List_baseISsSaISsEE8_M_clearEv
                0x0000000003804744        0x0 build/src/main.o
                                          0x8 (size before relaxing)
 .ARM.exidx.text._ZNSt4listISsSaISsEE9_M_insertIJRKSsEEEvSt14_List_iteratorISsEDpOT_
                0x0000000003804744        0x0 build/src/main.o
                                          0x8 (size before relaxing)
 .ARM.exidx.text._GLOBAL__sub_I_main.cpp
                0x0000000003804744        0x0 build/src/main.o
                                          0x8 (size before relaxing)
 .ARM.exidx.text._Z11vexcodeInitv
                0x0000000003804744        0x0 build/src/robot-config.o
                                          0x8 (size before relaxing)
 .ARM.exidx.text._GLOBAL__sub_I_robot_config.cpp
                0x0000000003804744        0x0 build/src/robot-config.o
                                          0x8 (size before relaxing)
 *(.gnu.linkonce.armexidix.*.*)
                0x0000000003804744                __exidx_end = .

.rel.dyn        0x0000000003804744        0x0
 .rel.iplt      0x0000000003804744        0x0 build/src/main.o

.preinit_array  0x0000000003804744        0x0
                0x0000000003804744                __preinit_array_start = .
 *(SORT_BY_NAME(.preinit_array.*))
 *(.preinit_array)
                0x0000000003804744                __preinit_array_end = .

.init_array     0x0000000003804744       0x10
                0x0000000003804744                __init_array_start = .
 *(SORT_BY_NAME(.init_array.*))
 *(.init_array)
 .init_array    0x0000000003804744        0x4 build/src/main.o
 .init_array    0x0000000003804748        0x4 build/src/robot-config.o
 .init_array    0x000000000380474c        0x4 /Applications/VEXcode V5 Text.app/Contents/Resources/sdk/vexv5/libv5rt.a(vex_triport.cpp.obj)
 .init_array    0x0000000003804750        0x4 /Applications/VEXcode V5 Text.app/Contents/Resources/sdk/vexv5/libv5rt.a(vex_color.cpp.obj)
                0x0000000003804754                __init_array_end = .

.fini_array     0x0000000003804754        0x0
                0x0000000003804754                __fini_array_start = .
 *(SORT_BY_NAME(.fini_array.*))
 *(.fini_array)
                0x0000000003804754                __fini_array_end = .

.ARM.attributes
                0x0000000003804754       0x3c
                0x0000000003804754                __ARM.attributes_start = .
 *(.ARM.attributes)
 .ARM.attributes
                0x0000000003804754       0x3a build/src/main.o
 .ARM.attributes
                0x000000000380478e       0x3a build/src/robot-config.o
 .ARM.attributes
                0x00000000038047c8       0x35 /Applications/VEXcode V5 Text.app/Contents/Resources/sdk/vexv5/libv5rt.a(v5_startup.c.obj)
 .ARM.attributes
                0x00000000038047fd       0x35 /Applications/VEXcode V5 Text.app/Contents/Resources/sdk/vexv5/libv5rt.a(v5_util.c.obj)
 .ARM.attributes
                0x0000000003804832       0x35 /Applications/VEXcode V5 Text.app/Contents/Resources/sdk/vexv5/libv5rt.a(v5_apijump.c.obj)
 .ARM.attributes
                0x0000000003804867       0x35 /Applications/VEXcode V5 Text.app/Contents/Resources/sdk/vexv5/libv5rt.a(v5_apiversions.c.obj)
 .ARM.attributes
                0x000000000380489c       0x35 /Applications/VEXcode V5 Text.app/Contents/Resources/sdk/vexv5/libv5rt.a(vex_global.cpp.obj)
 .ARM.attributes
                0x00000000038048d1       0x35 /Applications/VEXcode V5 Text.app/Contents/Resources/sdk/vexv5/libv5rt.a(vex_motor.cpp.obj)
 .ARM.attributes
                0x0000000003804906       0x35 /Applications/VEXcode V5 Text.app/Contents/Resources/sdk/vexv5/libv5rt.a(vex_controller.cpp.obj)
 .ARM.attributes
                0x000000000380493b       0x35 /Applications/VEXcode V5 Text.app/Contents/Resources/sdk/vexv5/libv5rt.a(vex_task.cpp.obj)
 .ARM.attributes
                0x0000000003804970       0x35 /Applications/VEXcode V5 Text.app/Contents/Resources/sdk/vexv5/libv5rt.a(vex_event.cpp.obj)
 .ARM.attributes
                0x00000000038049a5       0x35 /Applications/VEXcode V5 Text.app/Contents/Resources/sdk/vexv5/libv5rt.a(vex_mevent.cpp.obj)
 .ARM.attributes
                0x00000000038049da       0x35 /Applications/VEXcode V5 Text.app/Contents/Resources/sdk/vexv5/libv5rt.a(vex_brain.cpp.obj)
 .ARM.attributes
                0x0000000003804a0f       0x35 /Applications/VEXcode V5 Text.app/Contents/Resources/sdk/vexv5/libv5rt.a(vex_competition.cpp.obj)
 .ARM.attributes
                0x0000000003804a44       0x35 /Applications/VEXcode V5 Text.app/Contents/Resources/sdk/vexv5/libv5rt.a(vex_triport.cpp.obj)
 .ARM.attributes
                0x0000000003804a79       0x35 /Applications/VEXcode V5 Text.app/Contents/Resources/sdk/vexv5/libv5rt.a(vex_color.cpp.obj)
 .ARM.attributes
                0x0000000003804aae       0x35 /Applications/VEXcode V5 Text.app/Contents/Resources/sdk/vexv5/libv5rt.a(vex_timer.cpp.obj)
 .ARM.attributes
                0x0000000003804ae3       0x35 /Applications/VEXcode V5 Text.app/Contents/Resources/sdk/vexv5/libv5rt.a(v5_apiuser.c.obj)
 .ARM.attributes
                0x0000000003804b18       0x35 /Applications/VEXcode V5 Text.app/Contents/Resources/sdk/vexv5/libv5rt.a(vex_device.cpp.obj)
 .ARM.attributes
                0x0000000003804b4d       0x2b /Applications/VEXcode V5 Text.app/Contents/Resources/sdk/vexv5/gcc/libs/libc.a(lib_a-fini.o)
 .ARM.attributes
                0x0000000003804b78       0x2b /Applications/VEXcode V5 Text.app/Contents/Resources/sdk/vexv5/gcc/libs/libc.a(lib_a-impure.o)
 .ARM.attributes
                0x0000000003804ba3       0x2b /Applications/VEXcode V5 Text.app/Contents/Resources/sdk/vexv5/gcc/libs/libc.a(lib_a-init.o)
                0x0000000003804bce                __ARM.attributes_end = .

.sdata          0x0000000003804754        0x0
                0x0000000003804754                __sdata_start = .
 *(.sdata)
 *(.sdata.*)
 *(.gnu.linkonce.s.*)
                0x0000000003804754                __sdata_end = .

.sbss           0x0000000003804754        0x0
                0x0000000003804754                __sbss_start = .
 *(.sbss)
 *(.sbss.*)
 *(.gnu.linkonce.sb.*)
                0x0000000003804754                __sbss_end = .

.tdata          0x0000000003804754        0x0
                0x0000000003804754                __tdata_start = .
 *(.tdata)
 *(.tdata.*)
 *(.gnu.linkonce.td.*)
                0x0000000003804754                __tdata_end = .

.tbss           0x0000000003804754        0x0
                0x0000000003804754                __tbss_start = .
 *(.tbss)
 *(.tbss.*)
 *(.gnu.linkonce.tb.*)
                0x0000000003804754                __tbss_end = .

.bss            0x0000000003804758      0x6bd
                0x0000000003804758                __bss_start = .
 *(.bss)
 *(.bss.*)
 .bss.Competition
                0x0000000003804758       0x28 build/src/main.o
                0x0000000003804758                Competition
 .bss.Controller1
                0x0000000003804780      0x1e0 build/src/main.o
                0x0000000003804780                Controller1
 .bss.ChassisLF
                0x0000000003804960       0x24 build/src/main.o
                0x0000000003804960                ChassisLF
 .bss.ChassisLB
                0x0000000003804984       0x24 build/src/main.o
                0x0000000003804984                ChassisLB
 .bss.ChassisRF
                0x00000000038049a8       0x24 build/src/main.o
                0x00000000038049a8                ChassisRF
 .bss.ChassisRB
                0x00000000038049cc       0x24 build/src/main.o
                0x00000000038049cc                ChassisRB
 .bss.LeftGrabber
                0x00000000038049f0       0x24 build/src/main.o
                0x00000000038049f0                LeftGrabber
 .bss.RightGrabber
                0x0000000003804a14       0x24 build/src/main.o
                0x0000000003804a14                RightGrabber
 .bss.GrabberLift
                0x0000000003804a38       0x24 build/src/main.o
                0x0000000003804a38                GrabberLift
 .bss.StackMotor
                0x0000000003804a5c       0x24 build/src/main.o
                0x0000000003804a5c                StackMotor
 .bss.autonRecord
                0x0000000003804a80        0x8 build/src/main.o
                0x0000000003804a80                autonRecord
 .bss.outtakeOn
                0x0000000003804a88        0x8 build/src/main.o
                0x0000000003804a88                outtakeOn
 .bss.slowModeEnabled
                0x0000000003804a90        0x1 build/src/main.o
                0x0000000003804a90                slowModeEnabled
 *fill*         0x0000000003804a91        0x7 
 .bss.stackStartPos
                0x0000000003804a98        0x8 build/src/main.o
                0x0000000003804a98                stackStartPos
 .bss.stackCurrentPos
                0x0000000003804aa0        0x8 build/src/main.o
                0x0000000003804aa0                stackCurrentPos
 .bss.stackInUnload
                0x0000000003804aa8        0x1 build/src/main.o
                0x0000000003804aa8                stackInUnload
 *fill*         0x0000000003804aa9        0x7 
 .bss.bottomPos
                0x0000000003804ab0        0x8 build/src/main.o
                0x0000000003804ab0                bottomPos
 .bss.grabberCurrentPos
                0x0000000003804ab8        0x8 build/src/main.o
                0x0000000003804ab8                grabberCurrentPos
 .bss.grabberAtLow
                0x0000000003804ac0        0x1 build/src/main.o
                0x0000000003804ac0                grabberAtLow
 .bss.grabberAtMid
                0x0000000003804ac1        0x1 build/src/main.o
                0x0000000003804ac1                grabberAtMid
 *fill*         0x0000000003804ac2        0x2 
 .bss._ZZ17setChassisLSmoothiE12currentSpeed
                0x0000000003804ac4        0x4 build/src/main.o
 .bss._ZZ17setChassisRSmoothiE12currentSpeed
                0x0000000003804ac8        0x4 build/src/main.o
 .bss.Brain     0x0000000003804acc      0x2dc build/src/robot-config.o
                0x0000000003804acc                Brain
 .bss.__dso_handle
                0x0000000003804da8        0x4 /Applications/VEXcode V5 Text.app/Contents/Resources/sdk/vexv5/libv5rt.a(v5_startup.c.obj)
                0x0000000003804da8                __dso_handle
 .bss.lastTime.8314
                0x0000000003804dac        0x4 /Applications/VEXcode V5 Text.app/Contents/Resources/sdk/vexv5/libv5rt.a(v5_apijump.c.obj)
 .bss._ZN3vex4task8_labelIdE
                0x0000000003804db0        0x4 /Applications/VEXcode V5 Text.app/Contents/Resources/sdk/vexv5/libv5rt.a(vex_task.cpp.obj)
                0x0000000003804db0                vex::task::_labelId
 .bss._ZN3vex11competition22bStopTasksBetweenModesE
                0x0000000003804db4        0x1 /Applications/VEXcode V5 Text.app/Contents/Resources/sdk/vexv5/libv5rt.a(vex_competition.cpp.obj)
                0x0000000003804db4                vex::competition::bStopTasksBetweenModes
 .bss._ZN3vex11competition25bStopAllTasksBetweenModesE
                0x0000000003804db5        0x1 /Applications/VEXcode V5 Text.app/Contents/Resources/sdk/vexv5/libv5rt.a(vex_competition.cpp.obj)
                0x0000000003804db5                vex::competition::bStopAllTasksBetweenModes
 .bss._ZN3vex11competition14_auton_pendingE
                0x0000000003804db6        0x1 /Applications/VEXcode V5 Text.app/Contents/Resources/sdk/vexv5/libv5rt.a(vex_competition.cpp.obj)
                0x0000000003804db6                vex::competition::_auton_pending
 *fill*         0x0000000003804db7        0x1 
 .bss._ZN3vex11competition20_autonomous_callbackE
                0x0000000003804db8        0x4 /Applications/VEXcode V5 Text.app/Contents/Resources/sdk/vexv5/libv5rt.a(vex_competition.cpp.obj)
                0x0000000003804db8                vex::competition::_autonomous_callback
 .bss._ZN3vex11competition23_drivercontrol_callbackE
                0x0000000003804dbc        0x4 /Applications/VEXcode V5 Text.app/Contents/Resources/sdk/vexv5/libv5rt.a(vex_competition.cpp.obj)
                0x0000000003804dbc                vex::competition::_drivercontrol_callback
 .bss._ZN3vex11competition15_driver_pendingE
                0x0000000003804dc0        0x1 /Applications/VEXcode V5 Text.app/Contents/Resources/sdk/vexv5/libv5rt.a(vex_competition.cpp.obj)
                0x0000000003804dc0                vex::competition::_driver_pending
 .bss._ZStL8__ioinit
                0x0000000003804dc1        0x1 /Applications/VEXcode V5 Text.app/Contents/Resources/sdk/vexv5/libv5rt.a(vex_triport.cpp.obj)
 *fill*         0x0000000003804dc2        0x2 
 .bss._ZN3vex5color6orangeE
                0x0000000003804dc4        0x8 /Applications/VEXcode V5 Text.app/Contents/Resources/sdk/vexv5/libv5rt.a(vex_color.cpp.obj)
                0x0000000003804dc4                vex::color::orange
 .bss._ZN3vex5color5blackE
                0x0000000003804dcc        0x8 /Applications/VEXcode V5 Text.app/Contents/Resources/sdk/vexv5/libv5rt.a(vex_color.cpp.obj)
                0x0000000003804dcc                vex::color::black
 .bss._ZN3vex5color6yellowE
                0x0000000003804dd4        0x8 /Applications/VEXcode V5 Text.app/Contents/Resources/sdk/vexv5/libv5rt.a(vex_color.cpp.obj)
                0x0000000003804dd4                vex::color::yellow
 .bss._ZN3vex5color5greenE
                0x0000000003804ddc        0x8 /Applications/VEXcode V5 Text.app/Contents/Resources/sdk/vexv5/libv5rt.a(vex_color.cpp.obj)
                0x0000000003804ddc                vex::color::green
 .bss._ZN3vex5color6purpleE
                0x0000000003804de4        0x8 /Applications/VEXcode V5 Text.app/Contents/Resources/sdk/vexv5/libv5rt.a(vex_color.cpp.obj)
                0x0000000003804de4                vex::color::purple
 .bss._ZN3vex5color4cyanE
                0x0000000003804dec        0x8 /Applications/VEXcode V5 Text.app/Contents/Resources/sdk/vexv5/libv5rt.a(vex_color.cpp.obj)
                0x0000000003804dec                vex::color::cyan
 .bss._ZN3vex5color4blueE
                0x0000000003804df4        0x8 /Applications/VEXcode V5 Text.app/Contents/Resources/sdk/vexv5/libv5rt.a(vex_color.cpp.obj)
                0x0000000003804df4                vex::color::blue
 .bss._ZN3vex5color3redE
                0x0000000003804dfc        0x8 /Applications/VEXcode V5 Text.app/Contents/Resources/sdk/vexv5/libv5rt.a(vex_color.cpp.obj)
                0x0000000003804dfc                vex::color::red
 .bss._ZN3vex5color11transparentE
                0x0000000003804e04        0x8 /Applications/VEXcode V5 Text.app/Contents/Resources/sdk/vexv5/libv5rt.a(vex_color.cpp.obj)
                0x0000000003804e04                vex::color::transparent
 .bss._ZN3vex5color5whiteE
                0x0000000003804e0c        0x8 /Applications/VEXcode V5 Text.app/Contents/Resources/sdk/vexv5/libv5rt.a(vex_color.cpp.obj)
                0x0000000003804e0c                vex::color::white
 *(.gnu.linkonce.b.*)
 *(COMMON)
 COMMON         0x0000000003804e14        0x1 /Applications/VEXcode V5 Text.app/Contents/Resources/sdk/vexv5/libv5rt.a(v5_startup.c.obj)
                0x0000000003804e14                __vex_critical_section
                0x0000000003804e15                __bss_end = .
                0x0000000003804754                _SDA_BASE_ = (__sdata_start + ((__sbss_end - __sdata_start) / 0x2))
                0x00000000038042ac                _SDA2_BASE_ = (__sdata2_start + ((__sbss2_end - __sdata2_start) / 0x2))

.heap           0x0000000003804e15   0x10000b
                0x0000000003804e20                . = ALIGN (0x10)
 *fill*         0x0000000003804e15        0xb 
                0x0000000003804e20                _heap = .
                0x0000000003804e20                HeapBase = .
                0x0000000003804e20                _heap_start = .
                0x0000000003904e20                . = (. + _HEAP_SIZE)
 *fill*         0x0000000003804e20   0x100000 
                0x0000000003904e20                _heap_end = .
                0x0000000003904e20                HeapLimit = .

.stack          0x0000000003904e20     0x3800
                0x0000000003904e20                . = ALIGN (0x10)
                0x0000000003904e20                _stack_end = .
                0x0000000003906e20                . = (. + _STACK_SIZE)
 *fill*         0x0000000003904e20     0x2000 
                0x0000000003906e20                . = ALIGN (0x10)
                0x0000000003906e20                _stack = .
                0x0000000003906e20                __stack = _stack
                0x0000000003906e20                . = ALIGN (0x10)
                0x0000000003906e20                _irq_stack_end = .
                0x0000000003907220                . = (. + _IRQ_STACK_SIZE)
 *fill*         0x0000000003906e20      0x400 
                0x0000000003907220                . = ALIGN (0x10)
                0x0000000003907220                __irq_stack = .
                0x0000000003907220                _supervisor_stack_end = .
                0x0000000003907a20                . = (. + _SUPERVISOR_STACK_SIZE)
 *fill*         0x0000000003907220      0x800 
                0x0000000003907a20                . = ALIGN (0x10)
                0x0000000003907a20                __supervisor_stack = .
                0x0000000003907a20                _abort_stack_end = .
                0x0000000003907e20                . = (. + _ABORT_STACK_SIZE)
 *fill*         0x0000000003907a20      0x400 
                0x0000000003907e20                . = ALIGN (0x10)
                0x0000000003907e20                __abort_stack = .
                0x0000000003907e20                _fiq_stack_end = .
                0x0000000003908220                . = (. + _FIQ_STACK_SIZE)
 *fill*         0x0000000003907e20      0x400 
                0x0000000003908220                . = ALIGN (0x10)
                0x0000000003908220                __fiq_stack = .
                0x0000000003908220                _undef_stack_end = .
                0x0000000003908620                . = (. + _UNDEF_STACK_SIZE)
 *fill*         0x0000000003908220      0x400 
                0x0000000003908620                . = ALIGN (0x10)
                0x0000000003908620                __undef_stack = .
                0x0000000003908620                _end = .
LOAD /Applications/VEXcode V5 Text.app/Contents/Resources/sdk/vexv5/stdlib_0.lib
LOAD build/src/main.o
LOAD build/src/robot-config.o
START GROUP
LOAD /Applications/VEXcode V5 Text.app/Contents/Resources/sdk/vexv5/libv5rt.a
LOAD /Applications/VEXcode V5 Text.app/Contents/Resources/sdk/vexv5/gcc/libs/libstdc++.a
LOAD /Applications/VEXcode V5 Text.app/Contents/Resources/sdk/vexv5/gcc/libs/libc.a
LOAD /Applications/VEXcode V5 Text.app/Contents/Resources/sdk/vexv5/gcc/libs/libm.a
LOAD /Applications/VEXcode V5 Text.app/Contents/Resources/sdk/vexv5/gcc/libs/libgcc.a
END GROUP
OUTPUT(build/ArunBotV3Recordable.elf elf32-littlearm)

.comment        0x0000000000000000       0x9d
 .comment       0x0000000000000000       0x2d build/src/main.o
                                         0x2e (size before relaxing)
 .comment       0x000000000000002d       0x2e build/src/robot-config.o
 .comment       0x000000000000002d       0x70 /Applications/VEXcode V5 Text.app/Contents/Resources/sdk/vexv5/libv5rt.a(v5_startup.c.obj)
                                         0x71 (size before relaxing)
 .comment       0x000000000000009d       0x71 /Applications/VEXcode V5 Text.app/Contents/Resources/sdk/vexv5/libv5rt.a(v5_util.c.obj)
 .comment       0x000000000000009d       0x71 /Applications/VEXcode V5 Text.app/Contents/Resources/sdk/vexv5/libv5rt.a(v5_apijump.c.obj)
 .comment       0x000000000000009d       0x71 /Applications/VEXcode V5 Text.app/Contents/Resources/sdk/vexv5/libv5rt.a(v5_apiversions.c.obj)
 .comment       0x000000000000009d       0x71 /Applications/VEXcode V5 Text.app/Contents/Resources/sdk/vexv5/libv5rt.a(vex_global.cpp.obj)
 .comment       0x000000000000009d       0x71 /Applications/VEXcode V5 Text.app/Contents/Resources/sdk/vexv5/libv5rt.a(vex_motor.cpp.obj)
 .comment       0x000000000000009d       0x71 /Applications/VEXcode V5 Text.app/Contents/Resources/sdk/vexv5/libv5rt.a(vex_controller.cpp.obj)
 .comment       0x000000000000009d       0x71 /Applications/VEXcode V5 Text.app/Contents/Resources/sdk/vexv5/libv5rt.a(vex_task.cpp.obj)
 .comment       0x000000000000009d       0x71 /Applications/VEXcode V5 Text.app/Contents/Resources/sdk/vexv5/libv5rt.a(vex_event.cpp.obj)
 .comment       0x000000000000009d       0x71 /Applications/VEXcode V5 Text.app/Contents/Resources/sdk/vexv5/libv5rt.a(vex_mevent.cpp.obj)
 .comment       0x000000000000009d       0x71 /Applications/VEXcode V5 Text.app/Contents/Resources/sdk/vexv5/libv5rt.a(vex_brain.cpp.obj)
 .comment       0x000000000000009d       0x71 /Applications/VEXcode V5 Text.app/Contents/Resources/sdk/vexv5/libv5rt.a(vex_competition.cpp.obj)
 .comment       0x000000000000009d       0x71 /Applications/VEXcode V5 Text.app/Contents/Resources/sdk/vexv5/libv5rt.a(vex_triport.cpp.obj)
 .comment       0x000000000000009d       0x71 /Applications/VEXcode V5 Text.app/Contents/Resources/sdk/vexv5/libv5rt.a(vex_color.cpp.obj)
 .comment       0x000000000000009d       0x71 /Applications/VEXcode V5 Text.app/Contents/Resources/sdk/vexv5/libv5rt.a(vex_timer.cpp.obj)
 .comment       0x000000000000009d       0x71 /Applications/VEXcode V5 Text.app/Contents/Resources/sdk/vexv5/libv5rt.a(v5_apiuser.c.obj)
 .comment       0x000000000000009d       0x71 /Applications/VEXcode V5 Text.app/Contents/Resources/sdk/vexv5/libv5rt.a(vex_device.cpp.obj)

.note.GNU-stack
                0x0000000000000000        0x0
 .note.GNU-stack
                0x0000000000000000        0x0 build/src/main.o
 .note.GNU-stack
                0x0000000000000000        0x0 build/src/robot-config.o

.debug_frame    0x0000000000000000       0x60
 .debug_frame   0x0000000000000000       0x34 /Applications/VEXcode V5 Text.app/Contents/Resources/sdk/vexv5/gcc/libs/libc.a(lib_a-fini.o)
 .debug_frame   0x0000000000000034       0x2c /Applications/VEXcode V5 Text.app/Contents/Resources/sdk/vexv5/gcc/libs/libc.a(lib_a-init.o)
